
Circuit: test for regression of already fixed bugs

Doing analysis at TEMP = 27.000000 and TNOM = 27.000000


No. of Data Rows : 1
INFO: 0 of 8 tests failed
