Initial Transient Solution

Node                                   Voltage
1                                            0
2                                            0
v1#branch                                    0

INFO: success
