INFO: [op], success
INFO: [ac], success
INFO: [pz], success
