
Circuit: simple differential pair - CM and DM dc sensitivity

Warning -- Level not specified on line "(bf=80 rb=100 ccs=2pf tf=0.3ns tr=6ns cje=3pf cjc=2pf va=50)"
Using level 1.
Warning -- Level not specified on line "(bf=80 rb=100 ccs=2pf tf=0.3ns tr=6ns cje=3pf cjc=2pf va=50)"
Using level 1.
Doing analysis at TEMP = 300.150000 and TNOM = 300.150000
Transfer function information:
transfer_function = -1.10341e-01
output_impedance_at_v(5) = 9.446843e+03
vcm#input_impedance = 1.793366e+06

Transfer function information:
transfer_function = -8.78493e+01
output_impedance_at_v(5) = 9.446843e+03
vdm#input_impedance = 8.940897e+03

              simple differential pair - CM and DM dc sensitivity
              Sensitivity Analysis  Sat Aug 27 16:36:03  2005
--------------------------------------------------------------------------------
Index   q1:bf           q1:br           q1:eg           q1:fc           
--------------------------------------------------------------------------------
0	1.851978e-02	-1.909518e-08	-1.720287e-08	-3.819037e-08	

              simple differential pair - CM and DM dc sensitivity
              Sensitivity Analysis  Sat Aug 27 16:36:03  2005
--------------------------------------------------------------------------------
Index   q1:is           q1:nc           q1:ne           q1:nf           
--------------------------------------------------------------------------------
0	4.549980e+16	-9.547591e-09	-1.273012e-08	-1.339677e+02	

              simple differential pair - CM and DM dc sensitivity
              Sensitivity Analysis  Sat Aug 27 16:36:03  2005
--------------------------------------------------------------------------------
Index   q1:nr           q1:rb           q1:rbm          q1:tnom         
--------------------------------------------------------------------------------
0	-1.909518e-08	-1.487980e-03	1.410876e-04	-6.960475e-01	

              simple differential pair - CM and DM dc sensitivity
              Sensitivity Analysis  Sat Aug 27 16:36:03  2005
--------------------------------------------------------------------------------
Index   q1:vaf          q1:xti          q1_area         q1_areab        
--------------------------------------------------------------------------------
0	-1.143803e-02	-6.365061e-09	4.684669e+00	-1.909518e-08	

              simple differential pair - CM and DM dc sensitivity
              Sensitivity Analysis  Sat Aug 27 16:36:03  2005
--------------------------------------------------------------------------------
Index   q1_areac        q1_m            q1_temp         q2:bf           
--------------------------------------------------------------------------------
0	-1.909518e-08	4.684670e+00	2.497064e-01	-1.851978e-02	

              simple differential pair - CM and DM dc sensitivity
              Sensitivity Analysis  Sat Aug 27 16:36:03  2005
--------------------------------------------------------------------------------
Index   q2:br           q2:eg           q2:fc           q2:is           
--------------------------------------------------------------------------------
0	6.546832e-09	5.898047e-09	1.309366e-08	-4.549980e+16	

              simple differential pair - CM and DM dc sensitivity
              Sensitivity Analysis  Sat Aug 27 16:36:03  2005
--------------------------------------------------------------------------------
Index   q2:nc           q2:ne           q2:nf           q2:nr           
--------------------------------------------------------------------------------
0	3.273416e-09	4.364555e-09	1.339677e+02	6.546832e-09	

              simple differential pair - CM and DM dc sensitivity
              Sensitivity Analysis  Sat Aug 27 16:36:03  2005
--------------------------------------------------------------------------------
Index   q2:rb           q2:rbm          q2:tnom         q2:vaf          
--------------------------------------------------------------------------------
0	1.487980e-03	-1.410877e-04	6.960475e-01	1.143803e-02	

              simple differential pair - CM and DM dc sensitivity
              Sensitivity Analysis  Sat Aug 27 16:36:03  2005
--------------------------------------------------------------------------------
Index   q2:xti          q2_area         q2_areab        q2_areac        
--------------------------------------------------------------------------------
0	2.182277e-09	-4.684669e+00	6.546832e-09	6.546832e-09	

              simple differential pair - CM and DM dc sensitivity
              Sensitivity Analysis  Sat Aug 27 16:36:03  2005
--------------------------------------------------------------------------------
Index   q2_m            q2_temp         q3:bf           q3:br           
--------------------------------------------------------------------------------
0	-4.684670e+00	-2.497064e-01	3.308722e-18	3.534097e-22	

              simple differential pair - CM and DM dc sensitivity
              Sensitivity Analysis  Sat Aug 27 16:36:03  2005
--------------------------------------------------------------------------------
Index   q3:eg           q3:fc           q3:is           q3:nc           
--------------------------------------------------------------------------------
0	2.729032e-22	6.058452e-22	6.776264e+01	1.514613e-22	

              simple differential pair - CM and DM dc sensitivity
              Sensitivity Analysis  Sat Aug 27 16:36:03  2005
--------------------------------------------------------------------------------
Index   q3:ne           q3:nf           q3:nr           q3:rb           
--------------------------------------------------------------------------------
0	2.019484e-22	-2.168404e-13	3.534097e-22	-3.705769e-18	

              simple differential pair - CM and DM dc sensitivity
              Sensitivity Analysis  Sat Aug 27 16:36:03  2005
--------------------------------------------------------------------------------
Index   q3:rbm          q3:tnom         q3:vaf          q3:xti          
--------------------------------------------------------------------------------
0	9.693523e-23	-1.003891e-15	-4.135903e-21	1.009742e-22	

              simple differential pair - CM and DM dc sensitivity
              Sensitivity Analysis  Sat Aug 27 16:36:03  2005
--------------------------------------------------------------------------------
Index   q3_area         q3_areab        q3_areac        q3_m            
--------------------------------------------------------------------------------
0	7.623297e-15	3.029226e-22	3.029226e-22	7.623297e-15	

              simple differential pair - CM and DM dc sensitivity
              Sensitivity Analysis  Sat Aug 27 16:36:03  2005
--------------------------------------------------------------------------------
Index   q3_temp         q4:bf           q4:br           q4:eg           
--------------------------------------------------------------------------------
0	3.764591e-16	-5.955700e-18	1.135960e-22	1.023387e-22	

              simple differential pair - CM and DM dc sensitivity
              Sensitivity Analysis  Sat Aug 27 16:36:03  2005
--------------------------------------------------------------------------------
Index   q4:fc           q4:is           q4:nc           q4:ne           
--------------------------------------------------------------------------------
0	2.271919e-22	-6.776264e+01	5.679799e-23	7.573065e-23	

              simple differential pair - CM and DM dc sensitivity
              Sensitivity Analysis  Sat Aug 27 16:36:03  2005
--------------------------------------------------------------------------------
Index   q4:nf           q4:nr           q4:rb           q4:rbm          
--------------------------------------------------------------------------------
0	2.168404e-13	1.135960e-22	3.705769e-18	-7.940934e-19	

              simple differential pair - CM and DM dc sensitivity
              Sensitivity Analysis  Sat Aug 27 16:36:03  2005
--------------------------------------------------------------------------------
Index   q4:tnom         q4:vaf          q4:xti          q4_area         
--------------------------------------------------------------------------------
0	1.129377e-15	2.541099e-17	3.786532e-23	-7.623297e-15	

              simple differential pair - CM and DM dc sensitivity
              Sensitivity Analysis  Sat Aug 27 16:36:03  2005
--------------------------------------------------------------------------------
Index   q4_areab        q4_areac        q4_m            q4_temp         
--------------------------------------------------------------------------------
0	1.135960e-22	1.135960e-22	-7.623297e-15	-3.764591e-16	

              simple differential pair - CM and DM dc sensitivity
              Sensitivity Analysis  Sat Aug 27 16:36:03  2005
--------------------------------------------------------------------------------
Index   rbias           rbias_m         rbias_scale     rc1             
--------------------------------------------------------------------------------
0	3.811648e-19	-6.776264e-15	7.623297e-15	6.031558e-04	

              simple differential pair - CM and DM dc sensitivity
              Sensitivity Analysis  Sat Aug 27 16:36:03  2005
--------------------------------------------------------------------------------
Index   rc1_m           rc1_scale       rc2             rc2_m           
--------------------------------------------------------------------------------
0	-6.031564e+00	6.031558e+00	-6.031558e-04	6.031564e+00	

              simple differential pair - CM and DM dc sensitivity
              Sensitivity Analysis  Sat Aug 27 16:36:03  2005
--------------------------------------------------------------------------------
Index   rc2_scale       rs1             rs1_m           rs1_scale       
--------------------------------------------------------------------------------
0	-6.031558e+00	-1.346892e-03	1.346894e+00	-1.346892e+00	

              simple differential pair - CM and DM dc sensitivity
              Sensitivity Analysis  Sat Aug 27 16:36:03  2005
--------------------------------------------------------------------------------
Index   rs2             rs2_m           rs2_scale       vcc             
--------------------------------------------------------------------------------
0	1.346892e-03	-1.346894e+00	1.346892e+00	0.000000e+00	

              simple differential pair - CM and DM dc sensitivity
              Sensitivity Analysis  Sat Aug 27 16:36:03  2005
--------------------------------------------------------------------------------
Index   vcm             vdm             vee             
--------------------------------------------------------------------------------
0	1.290931e-13	-1.758090e+02	4.235165e-16	

CPU time since last call: 0.015 seconds.

Total CPU time: 0.015 seconds.

Current dynamic memory usage = 135168,
Dynamic memory limit = -491521.

